../Core/Src/main.c:129:5:main	8	static
../Core/Src/main.c:203:6:SystemClock_Config	88	static
../Core/Src/main.c:250:13:MX_CAN1_Init	8	static
../Core/Src/main.c:287:13:MX_I2C1_Init	8	static
../Core/Src/main.c:321:13:MX_RTC_Init	8	static
../Core/Src/main.c:356:13:MX_SPI1_Init	8	static
../Core/Src/main.c:394:13:MX_TIM1_Init	80	static
../Core/Src/main.c:470:13:MX_TIM2_Init	40	static
../Core/Src/main.c:516:13:MX_TIM3_Init	48	static
../Core/Src/main.c:565:13:MX_TIM4_Init	48	static
../Core/Src/main.c:626:13:MX_TIM5_Init	40	static
../Core/Src/main.c:672:13:MX_TIM8_Init	80	static
../Core/Src/main.c:737:13:MX_TIM9_Init	32	static
../Core/Src/main.c:776:13:MX_UART4_Init	8	static
../Core/Src/main.c:809:13:MX_UART5_Init	8	static
../Core/Src/main.c:842:13:MX_USART2_UART_Init	8	static
../Core/Src/main.c:875:13:MX_USART3_UART_Init	8	static
../Core/Src/main.c:908:13:MX_USB_OTG_FS_PCD_Init	8	static
../Core/Src/main.c:943:13:MX_GPIO_Init	56	static
../Core/Src/main.c:1055:6:Error_Handler	4	static,ignoring_inline_asm
