../Core/Src/stm32f4xx_hal_msp.c:66:6:HAL_MspInit	16	static
../Core/Src/stm32f4xx_hal_msp.c:89:6:HAL_CAN_MspInit	48	static
../Core/Src/stm32f4xx_hal_msp.c:126:6:HAL_CAN_MspDeInit	16	static
../Core/Src/stm32f4xx_hal_msp.c:155:6:HAL_I2C_MspInit	48	static
../Core/Src/stm32f4xx_hal_msp.c:192:6:HAL_I2C_MspDeInit	16	static
../Core/Src/stm32f4xx_hal_msp.c:223:6:HAL_RTC_MspInit	32	static
../Core/Src/stm32f4xx_hal_msp.c:257:6:HAL_RTC_MspDeInit	16	static
../Core/Src/stm32f4xx_hal_msp.c:279:6:HAL_SPI_MspInit	48	static
../Core/Src/stm32f4xx_hal_msp.c:317:6:HAL_SPI_MspDeInit	16	static
../Core/Src/stm32f4xx_hal_msp.c:347:6:HAL_TIM_PWM_MspInit	32	static
../Core/Src/stm32f4xx_hal_msp.c:408:6:HAL_TIM_Base_MspInit	32	static
../Core/Src/stm32f4xx_hal_msp.c:455:6:HAL_TIM_MspPostInit	56	static
../Core/Src/stm32f4xx_hal_msp.c:553:6:HAL_TIM_PWM_MspDeInit	16	static
../Core/Src/stm32f4xx_hal_msp.c:621:6:HAL_TIM_Base_MspDeInit	16	static
../Core/Src/stm32f4xx_hal_msp.c:681:6:HAL_UART_MspInit	72	static
../Core/Src/stm32f4xx_hal_msp.c:801:6:HAL_UART_MspDeInit	16	static
../Core/Src/stm32f4xx_hal_msp.c:890:6:HAL_PCD_MspInit	48	static
../Core/Src/stm32f4xx_hal_msp.c:927:6:HAL_PCD_MspDeInit	16	static
