../FreeModbus/modbus/mb_slave_rtu.c:74:14:eMBInit	24	static
../FreeModbus/modbus/mb_slave_rtu.c:97:14:eMBEnable	8	static
../FreeModbus/modbus/mb_slave_rtu.c:107:14:eMBDisable	8	static
../FreeModbus/modbus/mb_slave_rtu.c:117:14:eMBPoll	16	static
../FreeModbus/modbus/mb_slave_rtu.c:214:14:eMBClose	8	static
../FreeModbus/modbus/mb_slave_rtu.c:223:16:prvucMBCRC16High	16	static
../FreeModbus/modbus/mb_slave_rtu.c:228:16:prvucMBCRC16Low	16	static
../FreeModbus/modbus/mb_slave_rtu.c:237:21:prveMBFunctionReadCoils	16	static
../FreeModbus/modbus/mb_slave_rtu.c:245:21:prveMBFunctionReadDiscreteInputs	16	static
../FreeModbus/modbus/mb_slave_rtu.c:253:21:prveMBFunctionReadHoldingRegs	16	static
../FreeModbus/modbus/mb_slave_rtu.c:261:21:prveMBFunctionReadInputRegs	16	static
../FreeModbus/modbus/mb_slave_rtu.c:269:21:prveMBFunctionWriteSingleCoil	16	static
../FreeModbus/modbus/mb_slave_rtu.c:276:21:prveMBFunctionWriteSingleReg	16	static
../FreeModbus/modbus/mb_slave_rtu.c:283:21:prveMBFunctionWriteMultipleCoils	16	static
../FreeModbus/modbus/mb_slave_rtu.c:290:21:prveMBFunctionWriteMultipleRegs	16	static
../FreeModbus/modbus/mb_slave_rtu.c:299:14:eMBRegisterCB_ReadCoils	16	static
../FreeModbus/modbus/mb_slave_rtu.c:306:14:eMBRegisterCB_ReadDiscreteInputs	16	static
../FreeModbus/modbus/mb_slave_rtu.c:313:14:eMBRegisterCB_ReadHoldingRegisters	16	static
../FreeModbus/modbus/mb_slave_rtu.c:320:14:eMBRegisterCB_ReadInputRegisters	16	static
../FreeModbus/modbus/mb_slave_rtu.c:327:14:eMBRegisterCB_WriteCoils	16	static
../FreeModbus/modbus/mb_slave_rtu.c:334:14:eMBRegisterCB_WriteHoldingRegisters	16	static
